1787858941.918791 client started (84257): version 3.7b, socket /private/tmp/tmux-501/default, protocol 8
1787858941.918834 on Darwin 25.6.0 Darwin Kernel Version 25.6.0: Sat Jul 11 15:26:12 PDT 2026; root:xnu-12377.161.13~4/RELEASE_ARM64_T8142
1787858941.918842 using libevent 2.1.13-stable select
1787858941.918869 using utf8proc 2.11.3
1787858941.918876 using ncurses 6.6 20251230
1787858941.918889 flags are 0x18010000
1787858941.918894 socket is /private/tmp/tmux-501/default
1787858941.918905 trying connect
1787858941.918921 connect failed: No such file or directory
1787858941.918935 lock file is /private/tmp/tmux-501/default.lock
1787858941.919014 flock succeeded
1787858941.919020 got lock (6)
1787858941.919026 trying connect
1787858941.919035 connect failed: No such file or directory
1787858941.919501 add peer 0x101306120: 7 (0x0)
1787858941.921675 sending message 111 to peer 0x101306120 (8 bytes)
1787858941.921688 sending message 111 to peer 0x101306120 (8 bytes)
1787858941.921696 sending message 101 to peer 0x101306120 (15 bytes)
1787858941.921708 sending message 109 to peer 0x101306120 (4 bytes)
1787858941.921718 sending message 102 to peer 0x101306120 (13 bytes)
1787858941.921725 sending message 108 to peer 0x101306120 (23 bytes)
1787858941.921733 sending message 112 to peer 0x101306120 (58 bytes)
1787858941.921744 sending message 112 to peer 0x101306120 (5 bytes)
1787858941.921759 sending message 112 to peer 0x101306120 (5 bytes)
1787858941.921767 sending message 112 to peer 0x101306120 (6 bytes)
1787858941.921774 sending message 112 to peer 0x101306120 (6 bytes)
1787858941.921781 sending message 112 to peer 0x101306120 (11 bytes)
1787858941.921790 sending message 112 to peer 0x101306120 (10 bytes)
1787858941.921800 sending message 112 to peer 0x101306120 (13 bytes)
1787858941.921807 sending message 112 to peer 0x101306120 (14 bytes)
1787858941.921814 sending message 112 to peer 0x101306120 (19 bytes)
1787858941.921823 sending message 112 to peer 0x101306120 (11 bytes)
1787858941.921830 sending message 112 to peer 0x101306120 (10 bytes)
1787858941.921839 sending message 112 to peer 0x101306120 (15 bytes)
1787858941.921844 sending message 112 to peer 0x101306120 (21 bytes)
1787858941.921848 sending message 112 to peer 0x101306120 (13 bytes)
1787858941.921855 sending message 112 to peer 0x101306120 (7 bytes)
1787858941.921860 sending message 112 to peer 0x101306120 (13 bytes)
1787858941.921864 sending message 112 to peer 0x101306120 (7 bytes)
1787858941.921869 sending message 112 to peer 0x101306120 (13 bytes)
1787858941.921874 sending message 112 to peer 0x101306120 (9 bytes)
1787858941.921881 sending message 112 to peer 0x101306120 (21 bytes)
1787858941.921888 sending message 112 to peer 0x101306120 (13 bytes)
1787858941.921896 sending message 112 to peer 0x101306120 (9 bytes)
1787858941.921903 sending message 112 to peer 0x101306120 (16 bytes)
1787858941.921911 sending message 112 to peer 0x101306120 (13 bytes)
1787858941.921919 sending message 112 to peer 0x101306120 (9 bytes)
1787858941.921929 sending message 112 to peer 0x101306120 (9 bytes)
1787858941.921937 sending message 112 to peer 0x101306120 (12 bytes)
1787858941.921944 sending message 112 to peer 0x101306120 (8 bytes)
1787858941.921953 sending message 112 to peer 0x101306120 (8 bytes)
1787858941.921960 sending message 112 to peer 0x101306120 (13 bytes)
1787858941.921968 sending message 112 to peer 0x101306120 (7 bytes)
1787858941.921978 sending message 112 to peer 0x101306120 (7 bytes)
1787858941.921986 sending message 112 to peer 0x101306120 (9 bytes)
1787858941.921993 sending message 112 to peer 0x101306120 (9 bytes)
1787858941.922000 sending message 112 to peer 0x101306120 (15 bytes)
1787858941.922007 sending message 112 to peer 0x101306120 (13 bytes)
1787858941.922014 sending message 112 to peer 0x101306120 (12 bytes)
1787858941.922021 sending message 112 to peer 0x101306120 (8 bytes)
1787858941.922029 sending message 112 to peer 0x101306120 (14 bytes)
1787858941.922037 sending message 112 to peer 0x101306120 (11 bytes)
1787858941.922046 sending message 112 to peer 0x101306120 (9 bytes)
1787858941.922059 sending message 112 to peer 0x101306120 (10 bytes)
1787858941.922066 sending message 112 to peer 0x101306120 (10 bytes)
1787858941.922072 sending message 112 to peer 0x101306120 (10 bytes)
1787858941.922078 sending message 112 to peer 0x101306120 (10 bytes)
1787858941.922085 sending message 112 to peer 0x101306120 (11 bytes)
1787858941.922091 sending message 112 to peer 0x101306120 (12 bytes)
1787858941.922097 sending message 112 to peer 0x101306120 (12 bytes)
1787858941.922105 sending message 112 to peer 0x101306120 (12 bytes)
1787858941.922113 sending message 112 to peer 0x101306120 (12 bytes)
1787858941.922121 sending message 112 to peer 0x101306120 (12 bytes)
1787858941.922131 sending message 112 to peer 0x101306120 (11 bytes)
1787858941.922140 sending message 112 to peer 0x101306120 (11 bytes)
1787858941.922145 sending message 112 to peer 0x101306120 (12 bytes)
1787858941.922151 sending message 112 to peer 0x101306120 (12 bytes)
1787858941.922157 sending message 112 to peer 0x101306120 (12 bytes)
1787858941.922164 sending message 112 to peer 0x101306120 (12 bytes)
1787858941.922172 sending message 112 to peer 0x101306120 (12 bytes)
1787858941.922178 sending message 112 to peer 0x101306120 (9 bytes)
1787858941.922184 sending message 112 to peer 0x101306120 (12 bytes)
1787858941.922190 sending message 112 to peer 0x101306120 (13 bytes)
1787858941.922197 sending message 112 to peer 0x101306120 (13 bytes)
1787858941.922200 sending message 112 to peer 0x101306120 (13 bytes)
1787858941.922207 sending message 112 to peer 0x101306120 (13 bytes)
1787858941.922214 sending message 112 to peer 0x101306120 (13 bytes)
1787858941.922222 sending message 112 to peer 0x101306120 (8 bytes)
1787858941.922231 sending message 112 to peer 0x101306120 (11 bytes)
1787858941.922240 sending message 112 to peer 0x101306120 (11 bytes)
1787858941.922249 sending message 112 to peer 0x101306120 (11 bytes)
1787858941.922257 sending message 112 to peer 0x101306120 (12 bytes)
1787858941.922262 sending message 112 to peer 0x101306120 (12 bytes)
1787858941.922268 sending message 112 to peer 0x101306120 (12 bytes)
1787858941.922271 sending message 112 to peer 0x101306120 (12 bytes)
1787858941.922277 sending message 112 to peer 0x101306120 (13 bytes)
1787858941.922285 sending message 112 to peer 0x101306120 (13 bytes)
1787858941.922292 sending message 112 to peer 0x101306120 (13 bytes)
1787858941.922297 sending message 112 to peer 0x101306120 (8 bytes)
1787858941.922303 sending message 112 to peer 0x101306120 (13 bytes)
1787858941.922309 sending message 112 to peer 0x101306120 (13 bytes)
1787858941.922316 sending message 112 to peer 0x101306120 (13 bytes)
1787858941.922323 sending message 112 to peer 0x101306120 (13 bytes)
1787858941.922328 sending message 112 to peer 0x101306120 (13 bytes)
1787858941.922336 sending message 112 to peer 0x101306120 (12 bytes)
1787858941.922343 sending message 112 to peer 0x101306120 (12 bytes)
1787858941.922350 sending message 112 to peer 0x101306120 (12 bytes)
1787858941.922358 sending message 112 to peer 0x101306120 (12 bytes)
1787858941.922366 sending message 112 to peer 0x101306120 (13 bytes)
1787858941.922373 sending message 112 to peer 0x101306120 (8 bytes)
1787858941.922378 sending message 112 to peer 0x101306120 (13 bytes)
1787858941.922384 sending message 112 to peer 0x101306120 (13 bytes)
1787858941.922390 sending message 112 to peer 0x101306120 (13 bytes)
1787858941.922396 sending message 112 to peer 0x101306120 (13 bytes)
1787858941.922402 sending message 112 to peer 0x101306120 (13 bytes)
1787858941.922408 sending message 112 to peer 0x101306120 (13 bytes)
1787858941.922414 sending message 112 to peer 0x101306120 (13 bytes)
1787858941.922422 sending message 112 to peer 0x101306120 (12 bytes)
1787858941.922429 sending message 112 to peer 0x101306120 (12 bytes)
1787858941.922436 sending message 112 to peer 0x101306120 (12 bytes)
1787858941.922444 sending message 112 to peer 0x101306120 (8 bytes)
1787858941.922453 sending message 112 to peer 0x101306120 (12 bytes)
1787858941.922468 sending message 112 to peer 0x101306120 (13 bytes)
1787858941.922474 sending message 112 to peer 0x101306120 (13 bytes)
1787858941.922477 sending message 112 to peer 0x101306120 (13 bytes)
1787858941.922484 sending message 112 to peer 0x101306120 (13 bytes)
1787858941.922491 sending message 112 to peer 0x101306120 (13 bytes)
1787858941.922497 sending message 112 to peer 0x101306120 (13 bytes)
1787858941.922505 sending message 112 to peer 0x101306120 (13 bytes)
1787858941.922513 sending message 112 to peer 0x101306120 (13 bytes)
1787858941.922522 sending message 112 to peer 0x101306120 (12 bytes)
1787858941.922529 sending message 112 to peer 0x101306120 (10 bytes)
1787858941.922532 sending message 112 to peer 0x101306120 (12 bytes)
1787858941.922538 sending message 112 to peer 0x101306120 (12 bytes)
1787858941.922544 sending message 112 to peer 0x101306120 (12 bytes)
1787858941.922550 sending message 112 to peer 0x101306120 (13 bytes)
1787858941.922556 sending message 112 to peer 0x101306120 (13 bytes)
1787858941.922562 sending message 112 to peer 0x101306120 (13 bytes)
1787858941.922568 sending message 112 to peer 0x101306120 (13 bytes)
1787858941.922574 sending message 112 to peer 0x101306120 (13 bytes)
1787858941.922580 sending message 112 to peer 0x101306120 (13 bytes)
1787858941.922586 sending message 112 to peer 0x101306120 (13 bytes)
1787858941.922592 sending message 112 to peer 0x101306120 (10 bytes)
1787858941.922598 sending message 112 to peer 0x101306120 (13 bytes)
1787858941.922605 sending message 112 to peer 0x101306120 (12 bytes)
1787858941.922608 sending message 112 to peer 0x101306120 (12 bytes)
1787858941.922616 sending message 112 to peer 0x101306120 (12 bytes)
1787858941.922621 sending message 112 to peer 0x101306120 (10 bytes)
1787858941.922627 sending message 112 to peer 0x101306120 (10 bytes)
1787858941.922633 sending message 112 to peer 0x101306120 (10 bytes)
1787858941.922639 sending message 112 to peer 0x101306120 (12 bytes)
1787858941.922645 sending message 112 to peer 0x101306120 (13 bytes)
1787858941.922651 sending message 112 to peer 0x101306120 (13 bytes)
1787858941.922656 sending message 112 to peer 0x101306120 (13 bytes)
1787858941.922663 sending message 112 to peer 0x101306120 (13 bytes)
1787858941.922666 sending message 112 to peer 0x101306120 (13 bytes)
1787858941.922673 sending message 112 to peer 0x101306120 (10 bytes)
1787858941.922676 sending message 112 to peer 0x101306120 (11 bytes)
1787858941.922682 sending message 112 to peer 0x101306120 (12 bytes)
1787858941.922688 sending message 112 to peer 0x101306120 (12 bytes)
1787858941.922694 sending message 112 to peer 0x101306120 (12 bytes)
1787858941.922700 sending message 112 to peer 0x101306120 (12 bytes)
1787858941.922706 sending message 112 to peer 0x101306120 (12 bytes)
1787858941.922712 sending message 112 to peer 0x101306120 (11 bytes)
1787858941.922719 sending message 112 to peer 0x101306120 (12 bytes)
1787858941.922726 sending message 112 to peer 0x101306120 (12 bytes)
1787858941.922733 sending message 112 to peer 0x101306120 (13 bytes)
1787858941.922739 sending message 112 to peer 0x101306120 (13 bytes)
1787858941.922747 sending message 112 to peer 0x101306120 (13 bytes)
1787858941.922752 sending message 112 to peer 0x101306120 (13 bytes)
1787858941.922760 sending message 112 to peer 0x101306120 (13 bytes)
1787858941.922766 sending message 112 to peer 0x101306120 (10 bytes)
1787858941.922773 sending message 112 to peer 0x101306120 (9 bytes)
1787858941.922781 sending message 112 to peer 0x101306120 (12 bytes)
1787858941.922788 sending message 112 to peer 0x101306120 (13 bytes)
1787858941.922796 sending message 112 to peer 0x101306120 (13 bytes)
1787858941.922799 sending message 112 to peer 0x101306120 (13 bytes)
1787858941.922805 sending message 112 to peer 0x101306120 (13 bytes)
1787858941.922811 sending message 112 to peer 0x101306120 (13 bytes)
1787858941.922817 sending message 112 to peer 0x101306120 (9 bytes)
1787858941.922823 sending message 112 to peer 0x101306120 (12 bytes)
1787858941.922832 sending message 112 to peer 0x101306120 (13 bytes)
1787858941.922847 sending message 112 to peer 0x101306120 (13 bytes)
1787858941.922854 sending message 112 to peer 0x101306120 (13 bytes)
1787858941.922857 sending message 112 to peer 0x101306120 (13 bytes)
1787858941.922860 sending message 112 to peer 0x101306120 (13 bytes)
1787858941.922864 sending message 112 to peer 0x101306120 (11 bytes)
1787858941.922870 sending message 112 to peer 0x101306120 (12 bytes)
1787858941.922876 sending message 112 to peer 0x101306120 (13 bytes)
1787858941.922881 sending message 112 to peer 0x101306120 (13 bytes)
1787858941.922886 sending message 112 to peer 0x101306120 (13 bytes)
1787858941.922892 sending message 112 to peer 0x101306120 (13 bytes)
1787858941.922898 sending message 112 to peer 0x101306120 (13 bytes)
1787858941.922903 sending message 112 to peer 0x101306120 (11 bytes)
1787858941.922909 sending message 112 to peer 0x101306120 (12 bytes)
1787858941.922915 sending message 112 to peer 0x101306120 (12 bytes)
1787858941.922923 sending message 112 to peer 0x101306120 (12 bytes)
1787858941.922929 sending message 112 to peer 0x101306120 (12 bytes)
1787858941.922935 sending message 112 to peer 0x101306120 (12 bytes)
1787858941.922943 sending message 112 to peer 0x101306120 (21 bytes)
1787858941.922947 sending message 112 to peer 0x101306120 (12 bytes)
1787858941.922953 sending message 112 to peer 0x101306120 (9 bytes)
1787858941.922962 sending message 112 to peer 0x101306120 (6 bytes)
1787858941.922971 sending message 112 to peer 0x101306120 (13 bytes)
1787858941.922980 sending message 112 to peer 0x101306120 (10 bytes)
1787858941.922989 sending message 112 to peer 0x101306120 (15 bytes)
1787858941.922997 sending message 112 to peer 0x101306120 (13 bytes)
1787858941.923005 sending message 112 to peer 0x101306120 (9 bytes)
1787858941.923013 sending message 112 to peer 0x101306120 (70 bytes)
1787858941.923021 sending message 112 to peer 0x101306120 (69 bytes)
1787858941.923028 sending message 112 to peer 0x101306120 (73 bytes)
1787858941.923034 sending message 112 to peer 0x101306120 (12 bytes)
1787858941.923040 sending message 112 to peer 0x101306120 (10 bytes)
1787858941.923046 sending message 112 to peer 0x101306120 (10 bytes)
1787858941.923052 sending message 112 to peer 0x101306120 (15 bytes)
1787858941.923058 sending message 112 to peer 0x101306120 (13 bytes)
1787858941.923061 sending message 112 to peer 0x101306120 (10 bytes)
1787858941.923068 sending message 112 to peer 0x101306120 (10 bytes)
1787858941.923073 sending message 112 to peer 0x101306120 (17 bytes)
1787858941.923079 sending message 112 to peer 0x101306120 (10 bytes)
1787858941.923085 sending message 112 to peer 0x101306120 (13 bytes)
1787858941.923093 sending message 112 to peer 0x101306120 (15 bytes)
1787858941.923100 sending message 112 to peer 0x101306120 (5 bytes)
1787858941.923108 sending message 104 to peer 0x101306120 (0 bytes)
1787858941.923115 sending message 110 to peer 0x101306120 (0 bytes)
1787858941.923121 sending message 107 to peer 0x101306120 (4 bytes)
1787858941.923127 sending message 105 to peer 0x101306120 (60 bytes)
1787858941.923133 sending message 105 to peer 0x101306120 (47 bytes)
1787858941.923139 sending message 105 to peer 0x101306120 (27 bytes)
1787858941.923145 sending message 105 to peer 0x101306120 (15 bytes)
1787858941.923151 sending message 105 to peer 0x101306120 (22 bytes)
1787858941.923157 sending message 105 to peer 0x101306120 (18 bytes)
1787858941.923163 sending message 105 to peer 0x101306120 (14 bytes)
1787858941.923169 sending message 105 to peer 0x101306120 (17 bytes)
1787858941.923175 sending message 105 to peer 0x101306120 (27 bytes)
1787858941.923181 sending message 105 to peer 0x101306120 (15 bytes)
1787858941.923187 sending message 105 to peer 0x101306120 (43 bytes)
1787858941.923193 sending message 105 to peer 0x101306120 (43 bytes)
1787858941.923199 sending message 105 to peer 0x101306120 (28 bytes)
1787858941.923205 sending message 105 to peer 0x101306120 (23 bytes)
1787858941.923211 sending message 105 to peer 0x101306120 (582 bytes)
1787858941.923228 sending message 105 to peer 0x101306120 (19 bytes)
1787858941.923234 sending message 105 to peer 0x101306120 (20 bytes)
1787858941.923240 sending message 105 to peer 0x101306120 (22 bytes)
1787858941.923246 sending message 105 to peer 0x101306120 (20 bytes)
1787858941.923252 sending message 105 to peer 0x101306120 (86 bytes)
1787858941.923258 sending message 105 to peer 0x101306120 (18 bytes)
1787858941.923264 sending message 105 to peer 0x101306120 (57 bytes)
1787858941.923270 sending message 105 to peer 0x101306120 (11 bytes)
1787858941.923277 sending message 105 to peer 0x101306120 (19 bytes)
1787858941.923283 sending message 105 to peer 0x101306120 (14 bytes)
1787858941.923289 sending message 105 to peer 0x101306120 (32 bytes)
1787858941.923295 sending message 105 to peer 0x101306120 (61 bytes)
1787858941.923301 sending message 105 to peer 0x101306120 (8 bytes)
1787858941.923308 sending message 105 to peer 0x101306120 (20 bytes)
1787858941.923314 sending message 105 to peer 0x101306120 (30 bytes)
1787858941.923320 sending message 105 to peer 0x101306120 (37 bytes)
1787858941.923326 sending message 105 to peer 0x101306120 (34 bytes)
1787858941.923332 sending message 105 to peer 0x101306120 (576 bytes)
1787858941.923338 sending message 105 to peer 0x101306120 (60 bytes)
1787858941.923347 sending message 105 to peer 0x101306120 (12 bytes)
1787858941.923353 sending message 105 to peer 0x101306120 (22 bytes)
1787858941.923362 sending message 105 to peer 0x101306120 (28 bytes)
1787858941.923369 sending message 105 to peer 0x101306120 (11 bytes)
1787858941.923378 sending message 105 to peer 0x101306120 (8 bytes)
1787858941.923386 sending message 105 to peer 0x101306120 (32 bytes)
1787858941.923393 sending message 105 to peer 0x101306120 (96 bytes)
1787858941.923401 sending message 105 to peer 0x101306120 (10 bytes)
1787858941.923405 sending message 105 to peer 0x101306120 (26 bytes)
1787858941.923413 sending message 105 to peer 0x101306120 (12 bytes)
1787858941.923416 sending message 105 to peer 0x101306120 (23 bytes)
1787858941.923420 sending message 105 to peer 0x101306120 (26 bytes)
1787858941.923424 sending message 105 to peer 0x101306120 (16 bytes)
1787858941.923430 sending message 105 to peer 0x101306120 (53 bytes)
1787858941.923436 sending message 105 to peer 0x101306120 (62 bytes)
1787858941.923442 sending message 105 to peer 0x101306120 (25 bytes)
1787858941.923448 sending message 106 to peer 0x101306120 (0 bytes)
1787858941.957854 sending message 200 to peer 0x101306120 (4 bytes)
1787858941.957859 client loop enter
1787858941.957876 client_signal: Child exited: 20
1787858941.970071 peer 0x101306120 message 207
1787858941.970083 sending message 208 to peer 0x101306120 (0 bytes)
1787858957.658534 peer 0x101306120 message 203
1787858957.658730 sending message 205 to peer 0x101306120 (0 bytes)
1787858957.659015 peer 0x101306120 message 204
1787858957.659030 client loop exit
